,run_id,test_id,entity_id,test_type,column_name,id_column_name,test_parameters,test_status,test_status_message,failed_tests_view,failed_tests_view_sql
test.dbt_model_1.not_negative_string_column_dot_model__fpview_registration_value__value.e15d766b3b,4541476c-814e-43fe-ab38-786f36beecbc,ca450aac-80ea-3682-b656-42215370bda4,95bd0f60-ab59-48fc-a62e-f256f5f3e6de,not_negative_string_column,value,,{'name': 'value'},fail,"got 1 result, configured to fail if != 0",tr_dot_model__fpview_registration_value," SELECT array_agg(dot_model__fpview_registration.uuid) AS uuid_list
   FROM self_tests_public_tests.dot_model__fpview_registration
  WHERE dot_model__fpview_registration.value::character varying::text ~~ '-%'::text
 HAVING count(*) > 0;"
test.dbt_model_1.not_null_dot_model__ancview_pregnancy_patient_id.af4157ba8c,4541476c-814e-43fe-ab38-786f36beecbc,8957b754-5db0-35e6-b648-98c932b70ea1,66f5d13a-8f74-4f97-836b-334d97932781,not_null,patient_id,,{},fail,"got 1 result, configured to fail if != 0",tr_dot_model__ancview_pregnancy_not_null_patient_id," SELECT dot_model__ancview_pregnancy.patient_id,
    dot_model__ancview_pregnancy.value
   FROM self_tests_public_tests.dot_model__ancview_pregnancy
  WHERE dot_model__ancview_pregnancy.patient_id IS NULL;"
test.dbt_model_1.not_null_dot_model__fpview_registration_uuid.d2f7403403,4541476c-814e-43fe-ab38-786f36beecbc,8f15a2d1-3c4b-3a07-9143-e1e8c62a99c0,95bd0f60-ab59-48fc-a62e-f256f5f3e6de,not_null,uuid,,{},pass,,,
