[{'status': 'fail',
  'timing': [{'name': 'compile',
    'started_at': '2022-10-24T19:02:02.612688Z',
    'completed_at': '2022-10-24T19:02:02.690684Z'},
   {'name': 'execute',
    'started_at': '2022-10-24T19:02:02.724331Z',
    'completed_at': '2022-10-24T19:02:02.788380Z'}],
  'thread_id': 'Thread-3',
  'execution_time': 0.18724608421325684,
  'adapter_response': {},
  'message': 'Got 53 results, configured to fail if != 0',
  'failures': 53,
  'unique_id': 'test.dbt_model_1.not_null_dot_model__all_flight_data_origin_airport.2196b664b6',
  'node': {'raw_sql': '{{ test_not_null(**_dbt_generic_test_kwargs) }}',
   'test_metadata': {'name': 'not_null',
    'kwargs': {'column_name': 'origin_airport',
     'model': "{{ get_where_subquery(ref('dot_model__all_flight_data')) }}"},
    'namespace': None},
   'compiled': True,
   'resource_type': 'test',
   'depends_on': {'macros': ['macro.dbt.test_not_null',
     'macro.dbt.get_where_subquery',
     'macro.dbt.should_store_failures',
     'macro.dbt.statement'],
    'nodes': ['model.dbt_model_1.dot_model__all_flight_data']},
   'config': {'enabled': True,
    'alias': None,
    'schema': 'dbt_test__audit',
    'database': None,
    'tags': [],
    'meta': {},
    'materialized': 'test',
    'severity': 'ERROR',
    'store_failures': None,
    'where': None,
    'limit': None,
    'fail_calc': 'count(*)',
    'warn_if': '!= 0',
    'error_if': '!= 0'},
   'database': 'dot_db',
   'schema': 'self_tests_public_dbt_test__audit',
   'fqn': ['dbt_model_1',
    'ScanProject1',
    'core',
    'not_null_dot_model__all_flight_data_origin_airport'],
   'unique_id': 'test.dbt_model_1.not_null_dot_model__all_flight_data_origin_airport.2196b664b6',
   'package_name': 'dbt_model_1',
   'root_path': '/Users/lrnzcig/git/Data-Observation-Toolkit/dot/dbt',
   'path': 'not_null_dot_model__all_flight_data_origin_airport.sql',
   'original_file_path': 'models/ScanProject1/core/dot_model__all_flight_data.yml',
   'name': 'not_null_dot_model__all_flight_data_origin_airport',
   'alias': 'not_null_dot_model__all_flight_data_origin_airport',
   'checksum': {'name': 'none', 'checksum': ''},
   'tags': [],
   'refs': [['dot_model__all_flight_data']],
   'sources': [],
   'description': '',
   'columns': {},
   'meta': {},
   'docs': {'show': True},
   'patch_path': None,
   'compiled_path': 'target/compiled/dbt_model_1/models/ScanProject1/core/dot_model__all_flight_data.yml/not_null_dot_model__all_flight_data_origin_airport.sql',
   'build_path': 'target/run/dbt_model_1/models/ScanProject1/core/dot_model__all_flight_data.yml/not_null_dot_model__all_flight_data_origin_airport.sql',
   'deferred': False,
   'unrendered_config': {},
   'created_at': 1666638122.409458,
   'compiled_sql': '\n    \n    \n\nselect *\nfrom "dot_db"."self_tests_public_tests"."dot_model__all_flight_data"\nwhere origin_airport is null\n\n\n',
   'extra_ctes_injected': True,
   'extra_ctes': [],
   'relation_name': None,
   'column_name': 'origin_airport',
   'file_key_name': 'models.dot_model__all_flight_data'}},
 {'status': 'fail',
  'timing': [{'name': 'compile',
    'started_at': '2022-10-24T19:02:02.612127Z',
    'completed_at': '2022-10-24T19:02:02.689966Z'},
   {'name': 'execute',
    'started_at': '2022-10-24T19:02:02.691191Z',
    'completed_at': '2022-10-24T19:02:02.790061Z'}],
  'thread_id': 'Thread-1',
  'execution_time': 0.18971800804138184,
  'adapter_response': {},
  'message': 'Got 2 results, configured to fail if != 0',
  'failures': 2,
  'unique_id': 'test.dbt_model_1.accepted_values_dot_model__all_flight_data_stops__1__2__3__Non_stop.b734743116',
  'node': {'raw_sql': '{{ test_accepted_values(**_dbt_generic_test_kwargs) }}{{ config(alias="accepted_values_dot_model__all_6aa561cda955629523a52acfd680c128") }}',
   'test_metadata': {'name': 'accepted_values',
    'kwargs': {'values': ['1', '2', '3', 'Non-stop'],
     'column_name': 'stops',
     'model': "{{ get_where_subquery(ref('dot_model__all_flight_data')) }}"},
    'namespace': None},
   'compiled': True,
   'resource_type': 'test',
   'depends_on': {'macros': ['macro.dbt.test_accepted_values',
     'macro.dbt.get_where_subquery',
     'macro.dbt.should_store_failures',
     'macro.dbt.statement'],
    'nodes': ['model.dbt_model_1.dot_model__all_flight_data']},
   'config': {'enabled': True,
    'alias': 'accepted_values_dot_model__all_6aa561cda955629523a52acfd680c128',
    'schema': 'dbt_test__audit',
    'database': None,
    'tags': [],
    'meta': {},
    'materialized': 'test',
    'severity': 'ERROR',
    'store_failures': None,
    'where': None,
    'limit': None,
    'fail_calc': 'count(*)',
    'warn_if': '!= 0',
    'error_if': '!= 0'},
   'database': 'dot_db',
   'schema': 'self_tests_public_dbt_test__audit',
   'fqn': ['dbt_model_1',
    'ScanProject1',
    'core',
    'accepted_values_dot_model__all_flight_data_stops__1__2__3__Non_stop'],
   'unique_id': 'test.dbt_model_1.accepted_values_dot_model__all_flight_data_stops__1__2__3__Non_stop.b734743116',
   'package_name': 'dbt_model_1',
   'root_path': '/Users/lrnzcig/git/Data-Observation-Toolkit/dot/dbt',
   'path': 'accepted_values_dot_model__all_6aa561cda955629523a52acfd680c128.sql',
   'original_file_path': 'models/ScanProject1/core/dot_model__all_flight_data.yml',
   'name': 'accepted_values_dot_model__all_flight_data_stops__1__2__3__Non_stop',
   'alias': 'accepted_values_dot_model__all_6aa561cda955629523a52acfd680c128',
   'checksum': {'name': 'none', 'checksum': ''},
   'tags': [],
   'refs': [['dot_model__all_flight_data']],
   'sources': [],
   'description': '',
   'columns': {},
   'meta': {},
   'docs': {'show': True},
   'patch_path': None,
   'compiled_path': 'target/compiled/dbt_model_1/models/ScanProject1/core/dot_model__all_flight_data.yml/accepted_values_dot_model__all_6aa561cda955629523a52acfd680c128.sql',
   'build_path': 'target/run/dbt_model_1/models/ScanProject1/core/dot_model__all_flight_data.yml/accepted_values_dot_model__all_6aa561cda955629523a52acfd680c128.sql',
   'deferred': False,
   'unrendered_config': {'alias': 'accepted_values_dot_model__all_6aa561cda955629523a52acfd680c128'},
   'created_at': 1666638122.435454,
   'compiled_sql': '\n    \n    \n\nwith all_values as (\n\n    select\n        stops as value_field,\n        count(*) as n_records\n\n    from "dot_db"."self_tests_public_tests"."dot_model__all_flight_data"\n    group by stops\n\n)\n\nselect *\nfrom all_values\nwhere value_field not in (\n    \'1\',\'2\',\'3\',\'Non-stop\'\n)\n\n\n',
   'extra_ctes_injected': True,
   'extra_ctes': [],
   'relation_name': None,
   'column_name': 'stops',
   'file_key_name': 'models.dot_model__all_flight_data'}},
 {'status': 'fail',
  'timing': [{'name': 'compile',
    'started_at': '2022-10-24T19:02:02.612507Z',
    'completed_at': '2022-10-24T19:02:02.690232Z'},
   {'name': 'execute',
    'started_at': '2022-10-24T19:02:02.714221Z',
    'completed_at': '2022-10-24T19:02:02.791497Z'}],
  'thread_id': 'Thread-2',
  'execution_time': 0.19088268280029297,
  'adapter_response': {},
  'message': 'Got 1 result, configured to fail if != 0',
  'failures': 1,
  'unique_id': 'test.dbt_model_1.not_negative_string_column_dot_model__all_flight_data_price__price.322389c2ba',
  'node': {'raw_sql': '{{ test_not_negative_string_column(**_dbt_generic_test_kwargs) }}{{ config(alias="not_negative_string_column_dot_53248b488d4d43f01f37824af4a483d7") }}',
   'test_metadata': {'name': 'not_negative_string_column',
    'kwargs': {'name': 'price',
     'column_name': 'price',
     'model': "{{ get_where_subquery(ref('dot_model__all_flight_data')) }}"},
    'namespace': None},
   'compiled': True,
   'resource_type': 'test',
   'depends_on': {'macros': ['macro.dbt_model_1.test_not_negative_string_column',
     'macro.dbt.get_where_subquery',
     'macro.dbt.should_store_failures',
     'macro.dbt.statement'],
    'nodes': ['model.dbt_model_1.dot_model__all_flight_data']},
   'config': {'enabled': True,
    'alias': 'not_negative_string_column_dot_53248b488d4d43f01f37824af4a483d7',
    'schema': 'dbt_test__audit',
    'database': None,
    'tags': [],
    'meta': {},
    'materialized': 'test',
    'severity': 'ERROR',
    'store_failures': None,
    'where': None,
    'limit': None,
    'fail_calc': 'count(*)',
    'warn_if': '!= 0',
    'error_if': '!= 0'},
   'database': 'dot_db',
   'schema': 'self_tests_public_dbt_test__audit',
   'fqn': ['dbt_model_1',
    'ScanProject1',
    'core',
    'not_negative_string_column_dot_model__all_flight_data_price__price'],
   'unique_id': 'test.dbt_model_1.not_negative_string_column_dot_model__all_flight_data_price__price.322389c2ba',
   'package_name': 'dbt_model_1',
   'root_path': '/Users/lrnzcig/git/Data-Observation-Toolkit/dot/dbt',
   'path': 'not_negative_string_column_dot_53248b488d4d43f01f37824af4a483d7.sql',
   'original_file_path': 'models/ScanProject1/core/dot_model__all_flight_data.yml',
   'name': 'not_negative_string_column_dot_model__all_flight_data_price__price',
   'alias': 'not_negative_string_column_dot_53248b488d4d43f01f37824af4a483d7',
   'checksum': {'name': 'none', 'checksum': ''},
   'tags': [],
   'refs': [['dot_model__all_flight_data']],
   'sources': [],
   'description': '',
   'columns': {},
   'meta': {},
   'docs': {'show': True},
   'patch_path': None,
   'compiled_path': 'target/compiled/dbt_model_1/models/ScanProject1/core/dot_model__all_flight_data.yml/not_negative_string_column_dot_53248b488d4d43f01f37824af4a483d7.sql',
   'build_path': 'target/run/dbt_model_1/models/ScanProject1/core/dot_model__all_flight_data.yml/not_negative_string_column_dot_53248b488d4d43f01f37824af4a483d7.sql',
   'deferred': False,
   'unrendered_config': {'alias': 'not_negative_string_column_dot_53248b488d4d43f01f37824af4a483d7'},
   'created_at': 1666638122.428421,
   'compiled_sql': '\n\nselect\n  array_agg(uuid) as uuid_list -- postgres only?\nfrom\n  "dot_db"."self_tests_public_tests"."dot_model__all_flight_data"\nwhere\n  price::varchar like \'-%\'\nhaving count(*) > 0\n\n',
   'extra_ctes_injected': True,
   'extra_ctes': [],
   'relation_name': None,
   'column_name': 'price',
   'file_key_name': 'models.dot_model__all_flight_data'}},
 {'status': 'fail',
  'timing': [{'name': 'compile',
    'started_at': '2022-10-24T19:02:02.663637Z',
    'completed_at': '2022-10-24T19:02:02.696902Z'},
   {'name': 'execute',
    'started_at': '2022-10-24T19:02:02.727077Z',
    'completed_at': '2022-10-24T19:02:02.793657Z'}],
  'thread_id': 'Thread-4',
  'execution_time': 0.19394469261169434,
  'adapter_response': {},
  'message': 'Got 1 result, configured to fail if != 0',
  'failures': 1,
  'unique_id': 'test.dbt_model_1.relationships_dot_model__all_flight_data_origin_airport__airport__flight_with_no_airport__ref_dot_model__all_airports_data_.3a9f7e32d9',
  'node': {'raw_sql': '{{ test_relationships(**_dbt_generic_test_kwargs) }}{{ config(alias="relationships_dot_model__all_f_479c8856ac7e8bcb6c10c5454c4260b3") }}',
   'test_metadata': {'name': 'relationships',
    'kwargs': {'to': "ref('dot_model__all_airports_data')",
     'name': 'flight_with_no_airport',
     'field': 'airport',
     'column_name': 'origin_airport',
     'model': "{{ get_where_subquery(ref('dot_model__all_flight_data')) }}"},
    'namespace': None},
   'compiled': True,
   'resource_type': 'test',
   'depends_on': {'macros': ['macro.dbt_model_1.test_relationships',
     'macro.dbt.get_where_subquery',
     'macro.dbt.should_store_failures',
     'macro.dbt.statement'],
    'nodes': ['model.dbt_model_1.dot_model__all_airports_data',
     'model.dbt_model_1.dot_model__all_flight_data']},
   'config': {'enabled': True,
    'alias': 'relationships_dot_model__all_f_479c8856ac7e8bcb6c10c5454c4260b3',
    'schema': 'dbt_test__audit',
    'database': None,
    'tags': [],
    'meta': {},
    'materialized': 'test',
    'severity': 'ERROR',
    'store_failures': None,
    'where': None,
    'limit': None,
    'fail_calc': 'count(*)',
    'warn_if': '!= 0',
    'error_if': '!= 0'},
   'database': 'dot_db',
   'schema': 'self_tests_public_dbt_test__audit',
   'fqn': ['dbt_model_1',
    'ScanProject1',
    'core',
    'relationships_dot_model__all_flight_data_origin_airport__airport__flight_with_no_airport__ref_dot_model__all_airports_data_'],
   'unique_id': 'test.dbt_model_1.relationships_dot_model__all_flight_data_origin_airport__airport__flight_with_no_airport__ref_dot_model__all_airports_data_.3a9f7e32d9',
   'package_name': 'dbt_model_1',
   'root_path': '/Users/lrnzcig/git/Data-Observation-Toolkit/dot/dbt',
   'path': 'relationships_dot_model__all_f_479c8856ac7e8bcb6c10c5454c4260b3.sql',
   'original_file_path': 'models/ScanProject1/core/dot_model__all_flight_data.yml',
   'name': 'relationships_dot_model__all_flight_data_origin_airport__airport__flight_with_no_airport__ref_dot_model__all_airports_data_',
   'alias': 'relationships_dot_model__all_f_479c8856ac7e8bcb6c10c5454c4260b3',
   'checksum': {'name': 'none', 'checksum': ''},
   'tags': [],
   'refs': [['dot_model__all_airports_data'], ['dot_model__all_flight_data']],
   'sources': [],
   'description': '',
   'columns': {},
   'meta': {},
   'docs': {'show': True},
   'patch_path': None,
   'compiled_path': 'target/compiled/dbt_model_1/models/ScanProject1/core/dot_model__all_flight_data.yml/relationships_dot_model__all_f_479c8856ac7e8bcb6c10c5454c4260b3.sql',
   'build_path': 'target/run/dbt_model_1/models/ScanProject1/core/dot_model__all_flight_data.yml/relationships_dot_model__all_f_479c8856ac7e8bcb6c10c5454c4260b3.sql',
   'deferred': False,
   'unrendered_config': {'alias': 'relationships_dot_model__all_f_479c8856ac7e8bcb6c10c5454c4260b3'},
   'created_at': 1666638122.414207,
   'compiled_sql': '\n\n\n\nselect array_agg(from_uuid) as uuid_list -- postgres only?\nfrom (\n    select uuid as from_uuid, origin_airport as from_column_id from "dot_db"."self_tests_public_tests"."dot_model__all_flight_data"\n    \n) as from_model\nleft join (\n    select airport as to_id from "dot_db"."self_tests_public_tests"."dot_model__all_airports_data"\n) as to_model on to_model.to_id = from_model.from_column_id\nwhere from_model.from_column_id is not null\n  and to_model.to_id is null\nhaving count(*) > 0\n\n',
   'extra_ctes_injected': True,
   'extra_ctes': [],
   'relation_name': None,
   'column_name': 'origin_airport',
   'file_key_name': 'models.dot_model__all_flight_data'}},
 {'status': 'fail',
  'timing': [{'name': 'compile',
    'started_at': '2022-10-24T19:02:02.808912Z',
    'completed_at': '2022-10-24T19:02:02.818847Z'},
   {'name': 'execute',
    'started_at': '2022-10-24T19:02:02.819295Z',
    'completed_at': '2022-10-24T19:02:02.858589Z'}],
  'thread_id': 'Thread-3',
  'execution_time': 0.054596662521362305,
  'adapter_response': {},
  'message': 'Got 2 results, configured to fail if != 0',
  'failures': 2,
  'unique_id': 'test.dbt_model_1.unique_dot_model__all_airports_data_airport.912f240fa1',
  'node': {'raw_sql': '{{ test_unique(**_dbt_generic_test_kwargs) }}',
   'test_metadata': {'name': 'unique',
    'kwargs': {'column_name': 'airport',
     'model': "{{ get_where_subquery(ref('dot_model__all_airports_data')) }}"},
    'namespace': None},
   'compiled': True,
   'resource_type': 'test',
   'depends_on': {'macros': ['macro.dbt.test_unique',
     'macro.dbt.get_where_subquery',
     'macro.dbt.should_store_failures',
     'macro.dbt.statement'],
    'nodes': ['model.dbt_model_1.dot_model__all_airports_data']},
   'config': {'enabled': True,
    'alias': None,
    'schema': 'dbt_test__audit',
    'database': None,
    'tags': [],
    'meta': {},
    'materialized': 'test',
    'severity': 'ERROR',
    'store_failures': None,
    'where': None,
    'limit': None,
    'fail_calc': 'count(*)',
    'warn_if': '!= 0',
    'error_if': '!= 0'},
   'database': 'dot_db',
   'schema': 'self_tests_public_dbt_test__audit',
   'fqn': ['dbt_model_1',
    'ScanProject1',
    'core',
    'unique_dot_model__all_airports_data_airport'],
   'unique_id': 'test.dbt_model_1.unique_dot_model__all_airports_data_airport.912f240fa1',
   'package_name': 'dbt_model_1',
   'root_path': '/Users/lrnzcig/git/Data-Observation-Toolkit/dot/dbt',
   'path': 'unique_dot_model__all_airports_data_airport.sql',
   'original_file_path': 'models/ScanProject1/core/dot_model__all_airports_data.yml',
   'name': 'unique_dot_model__all_airports_data_airport',
   'alias': 'unique_dot_model__all_airports_data_airport',
   'checksum': {'name': 'none', 'checksum': ''},
   'tags': [],
   'refs': [['dot_model__all_airports_data']],
   'sources': [],
   'description': '',
   'columns': {},
   'meta': {},
   'docs': {'show': True},
   'patch_path': None,
   'compiled_path': 'target/compiled/dbt_model_1/models/ScanProject1/core/dot_model__all_airports_data.yml/unique_dot_model__all_airports_data_airport.sql',
   'build_path': 'target/run/dbt_model_1/models/ScanProject1/core/dot_model__all_airports_data.yml/unique_dot_model__all_airports_data_airport.sql',
   'deferred': False,
   'unrendered_config': {},
   'created_at': 1666638122.4029171,
   'compiled_sql': '\n    \n    \n\nselect\n    airport as unique_field,\n    count(*) as n_records\n\nfrom "dot_db"."self_tests_public_tests"."dot_model__all_airports_data"\nwhere airport is not null\ngroup by airport\nhaving count(*) > 1\n\n\n',
   'extra_ctes_injected': True,
   'extra_ctes': [],
   'relation_name': None,
   'column_name': 'airport',
   'file_key_name': 'models.dot_model__all_airports_data'}}]
